// Jest Snapshot v1, https://goo.gl/fbAQLP

exports[`AutoCompleteComponent render 1`] = `
<div>
  <div
    class="ant-select ant-select-auto-complete css-dev-only-do-not-override-1me4733 ant-select-single ant-select-show-search"
    style="width: 200px;"
  >
    <div
      class="ant-select-selector"
    >
      <span
        class="ant-select-selection-search"
      >
        <input
          aria-activedescendant="rc_select_TEST_OR_SSR_list_0"
          aria-autocomplete="list"
          aria-controls="rc_select_TEST_OR_SSR_list"
          aria-haspopup="listbox"
          aria-owns="rc_select_TEST_OR_SSR_list"
          autocomplete="off"
          class="ant-select-selection-search-input"
          id="rc_select_TEST_OR_SSR"
          role="combobox"
          type="search"
          value=""
        />
      </span>
      <span
        class="ant-select-selection-placeholder"
      >
        input here
      </span>
    </div>
  </div>
</div>
`;
